// Jest Snapshot v1, https://goo.gl/fbAQLP

exports[`renders correctly 1`] = `
<div
  className="container"
  style={
    Object {
      "backgroundColor": "#ffffff",
      "marginLeft": "10%",
      "marginRight": "50px",
      "paddingTop": "290px",
    }
  }
>
  <div>
    <h1
      style={
        Object {
          "color": "#3b425d",
          "fontSize": "24px",
          "fontStretch": "normal",
          "fontStyle": "normal",
          "fontWeight": "normal",
          "height": "24px",
          "letterSpacing": "normal",
          "lineHeight": "normal",
          "textAlign": "left",
        }
      }
    >
      Sign it to Gyvit
    </h1>
    <p
      style={
        Object {
          "color": "#9da5c9",
          "fontSize": "18px",
          "fontStretch": "normal",
          "fontStyle": "normal",
          "fontWeight": "normal",
          "height": "18px",
          "letterSpacing": "normal",
          "lineHeight": "normal",
          "marginTop": "15px",
          "textAlign": "left",
          "width": "200px",
        }
      }
    >
      Enter your details below
       
    </p>
  </div>
  <form
    className=""
    style={
      Object {
        "marginBottom": "40px",
        "marginTop": "60px",
      }
    }
  >
    <div
      className="form-group"
    >
      <label
        className=""
        htmlFor="email"
      >
        Email 
      </label>
      <input
        className="form-control"
        id="IdEmail"
        name="email"
        placeholder="Email"
        type="email"
      />
    </div>
    <div
      className="form-group"
    >
      <label
        className=""
        htmlFor="password"
        style={
          Object {
            "marginTop": "30px",
          }
        }
      >
        Password
      </label>
      <a
        className="nav-link"
        href="#"
        onClick={[Function]}
        style={
          Object {
            "color": "#7a57d1",
            "display": "inline",
            "fontSize": "14px",
            "fontStretch": "normal",
            "fontStyle": "normal",
            "fontWeight": "normal",
            "letterSpacing": "normal",
            "lineHeight": "normal",
            "paddingLeft": "130px",
            "textAlign": "right",
          }
        }
      >
        Forgot password?
      </a>
      <input
        className="form-control"
        id="IdPassword"
        name="password"
        placeholder="Password"
        type="password"
      />
      <button
        className="btn btn-info"
        onClick={[Function]}
        style={
          Object {
            "backgroundImage": "linear-gradient(to left, #57aad1, #7a57d1)",
            "borderRadius": "100px",
            "height": "54px",
            "width": "192px",
          }
        }
        type={undefined}
      >
        Sign in
      </button>
    </div>
  </form>
  <div
    style={
      Object {
        "marginTop": "120px",
      }
    }
  >
    <p>
      Don't have an account ?
      <a
        className="nav-link"
        href="#"
        onClick={[Function]}
        style={
          Object {
            "display": "inline",
          }
        }
      >
        Get started
      </a>
    </p>
  </div>
</div>
`;
