// Jest Snapshot v1, https://goo.gl/fbAQLP

exports[`renders link html 1`] = `
<thead>
  <tr>
    <th>
      Name
    </th>
    <th>
      Last update
    </th>
    <th>
      Users
    </th>
    <th />
  </tr>
</thead>
`;
