// Jest Snapshot v1, https://goo.gl/fbAQLP

exports[`renders link html 1`] = `
<div>
  <h1>
    Sign it to Gyvit
  </h1>
  <p>
    Enter your details below 
  </p>
</div>
`;
