// Jest Snapshot v1, https://goo.gl/fbAQLP

exports[`renders link html 1`] = `
<div
  className="container-fluid"
>
  <div
    className="row"
  >
    <div>
      <div
        className="container"
      >
        <div
          className="row"
        >
          <ul
            className="nav flex-column"
            expand="md"
            style={
              Object {
                "backgroundColor": "#231b56",
                "color": "white",
                "height": "1024px",
                "width": "220px",
              }
            }
          >
            <a
              className="navbar-brand"
              href="/"
              style={
                Object {
                  "backgroundColor": "#181048",
                  "color": "white",
                  "fontWeight": "bold",
                  "height": "90px",
                  "textAlign": "center",
                  "width": "220px",
                }
              }
            >
              <p>
                GYVIT
              </p>
            </a>
            <li
              className="text-center nav-item"
            >
              <div>
                <div
                  className="container"
                >
                  <div
                    className="row"
                  >
                    <a
                      className="nav-link"
                      href="#"
                      onClick={[Function]}
                      style={
                        Object {
                          "color": "white",
                          "opacity": 0.5,
                        }
                      }
                    >
                      <img
                        alt=""
                        src="/img/house_38533.ico"
                        style={
                          Object {
                            "opacity": 0.8,
                            "paddingRight": 10,
                          }
                        }
                      />
                      Home
                    </a>
                  </div>
                </div>
                <hr />
              </div>
              <div>
                <div
                  className="container"
                >
                  <div
                    className="row"
                  >
                    <a
                      className="nav-link"
                      href="#"
                      onClick={[Function]}
                      style={
                        Object {
                          "color": "white",
                          "opacity": 0.5,
                        }
                      }
                    >
                      <img
                        alt=""
                        src="/img/files.ico"
                        style={
                          Object {
                            "opacity": 0.8,
                            "paddingRight": 10,
                          }
                        }
                      />
                      Files
                    </a>
                  </div>
                </div>
                <hr />
              </div>
              <div>
                <div
                  className="container"
                >
                  <div
                    className="row"
                  >
                    <a
                      className="nav-link"
                      href="#"
                      onClick={[Function]}
                      style={
                        Object {
                          "color": "white",
                          "opacity": 0.5,
                        }
                      }
                    >
                      <img
                        alt=""
                        src="/img/share.ico"
                        style={
                          Object {
                            "opacity": 0.8,
                            "paddingRight": 10,
                          }
                        }
                      />
                      Shares
                    </a>
                  </div>
                </div>
                <hr />
              </div>
              <div>
                <div
                  className="container"
                >
                  <div
                    className="row"
                  >
                    <a
                      className="nav-link"
                      href="#"
                      onClick={[Function]}
                      style={
                        Object {
                          "color": "white",
                          "opacity": 0.5,
                        }
                      }
                    >
                      <img
                        alt=""
                        src="/img/templates.ico"
                        style={
                          Object {
                            "opacity": 0.8,
                            "paddingRight": 10,
                          }
                        }
                      />
                      Templates
                    </a>
                  </div>
                </div>
                <hr />
              </div>
              <div>
                <div
                  className="container"
                >
                  <div
                    className="row"
                  >
                    <a
                      className="nav-link"
                      href="#"
                      onClick={[Function]}
                      style={
                        Object {
                          "color": "white",
                          "opacity": 0.5,
                        }
                      }
                    >
                      <img
                        alt=""
                        src="/img/request.ico"
                        style={
                          Object {
                            "opacity": 0.8,
                            "paddingRight": 10,
                          }
                        }
                      />
                      Requests
                    </a>
                  </div>
                </div>
                <hr />
              </div>
              <div>
                <div
                  className="container"
                >
                  <div
                    className="row"
                  >
                    <a
                      className="nav-link"
                      href="#"
                      onClick={[Function]}
                      style={
                        Object {
                          "color": "white",
                          "opacity": 0.5,
                        }
                      }
                    >
                      <img
                        alt=""
                        src="/img/links.ico"
                        style={
                          Object {
                            "opacity": 0.8,
                            "paddingRight": 10,
                          }
                        }
                      />
                      Public links
                    </a>
                  </div>
                </div>
                <hr />
              </div>
              <div>
                <div
                  className="container"
                >
                  <div
                    className="row"
                  >
                    <a
                      className="nav-link"
                      href="#"
                      onClick={[Function]}
                      style={
                        Object {
                          "color": "white",
                          "opacity": 0.5,
                        }
                      }
                    >
                      <img
                        alt=""
                        src="/img/contact.ico"
                        style={
                          Object {
                            "opacity": 0.8,
                            "paddingRight": 10,
                          }
                        }
                      />
                      Contacts
                    </a>
                  </div>
                </div>
                <hr />
              </div>
              <div>
                <div
                  className="container"
                >
                  <div
                    className="row"
                  >
                    <a
                      className="nav-link"
                      href="#"
                      onClick={[Function]}
                      style={
                        Object {
                          "color": "white",
                          "opacity": 0.5,
                        }
                      }
                    >
                      <img
                        alt=""
                        src="/img/settings.ico"
                        style={
                          Object {
                            "opacity": 0.8,
                            "paddingRight": 10,
                          }
                        }
                      />
                      Settings
                    </a>
                  </div>
                </div>
                <hr />
              </div>
            </li>
          </ul>
        </div>
      </div>
    </div>
    <div
      className="col-md-10"
    >
      <div
        className="container"
      >
        <div
          className="row"
          style={
            Object {
              "backgroundColor": "#ffffff",
              "border": "solid 1px #E5E8F4",
              "height": "90px",
            }
          }
        >
          <div
            className="col-7"
          >
            <div>
              <div
                className="form-group"
              >
                <span
                  className="fa fa-search"
                />
                <input
                  className="form-control"
                  id="exampleSearch"
                  name="search"
                  onChange={undefined}
                  placeholder="Search..."
                  style={
                    Object {
                      "backgroundColor": "#fbfcfd",
                      "border": "none",
                      "borderRadius": "2px",
                      "height": "46px",
                      "marginLeft": "6px",
                      "marginTop": "22px",
                    }
                  }
                  type="search"
                  value={undefined}
                />
              </div>
            </div>
          </div>
          <div>
            <img
              alt="iconNotif"
              src="img/icon_notification.png"
              style={
                Object {
                  "marginTop": "37px",
                }
              }
            />
            <span
              className="badge badge-secondary badge-pill"
              style={
                Object {
                  "backgroundColor": "#ff007e",
                  "height": "20px",
                  "marginTop": "-50px",
                  "width": "auto",
                }
              }
            >
              8
            </span>
          </div>
          <div
            className="col-3"
          >
            <div>
              <div
                className="media"
              >
                <div
                  className="media"
                  href="#"
                >
                  <img
                    alt="Pierre"
                    className="rounded-circle media-object"
                    src="img/kevinMarlot.jpeg"
                    style={
                      Object {
                        "height": "40px",
                        "marginTop": "25px",
                        "width": "40px",
                      }
                    }
                  />
                </div>
                <div
                  className="media-body"
                >
                  <h4
                    className="media-heading"
                    style={
                      Object {
                        "color": "#231b56",
                        "fontSize": "16px",
                        "marginLeft": "21px",
                        "marginTop": "28px",
                      }
                    }
                  >
                    <span>
                      Pierre
                    </span>
                     
                    <span>
                      Dumay
                    </span>
                  </h4>
                  <div
                    className="media"
                    style={
                      Object {
                        "color": "#372c78",
                        "fontSize": "14px",
                        "marginLeft": "21px",
                        "marginTop": "5px",
                      }
                    }
                  >
                    Wild Code School
                  </div>
                </div>
              </div>
            </div>
          </div>
        </div>
      </div>
      <div
        className="row"
      >
        <div
          className="col-12"
        >
          <nav
            className="navbar navbar-expand"
            style={
              Object {
                "marginTop": "54px",
              }
            }
          >
            <a
              className="navbar-brand"
            >
              Folders
            </a>
            <button
              className="navbar-toggler"
              type="button"
            >
              <span
                className="navbar-toggler-icon"
              />
            </button>
            <div
              className="collapse navbar-collapse"
              style={Object {}}
            >
              <ul
                className="ml-auto navbar-nav"
              >
                <li
                  className="nav-item"
                >
                  <button
                    className="btn btn-secondary"
                    onClick={[Function]}
                    style={
                      Object {
                        "backgroundColor": "#725fe3",
                        "borderRadius": "50%",
                      }
                    }
                    type={undefined}
                  >
                    +
                  </button>
                </li>
              </ul>
            </div>
          </nav>
        </div>
      </div>
      <div>
        <table
          className="table table-borderless table-striped"
        >
          <thead>
            <tr>
              <th>
                <div
                  style={
                    Object {
                      "color": "#181048",
                      "fontFamily": "DepotNew",
                      "fontSize": "14px",
                      "fontStretch": "normal",
                      "fontStyle": "normal",
                      "fontWeight": "normal",
                      "height": "10%",
                      "letterSpacing": "normal",
                      "lineHeight": "normal",
                      "textAlign": "left",
                      "width": "60%",
                    }
                  }
                >
                  Name
                  <img
                    alt="upDown"
                    src="Assets/icon_double_arrow.png"
                  />
                </div>
              </th>
              <th>
                <div
                  style={
                    Object {
                      "color": "#181048",
                      "fontFamily": "DepotNew",
                      "fontSize": "14px",
                      "fontStretch": "normal",
                      "fontStyle": "normal",
                      "fontWeight": "normal",
                      "height": "10%",
                      "letterSpacing": "normal",
                      "lineHeight": "normal",
                      "textAlign": "left",
                      "width": "60%",
                    }
                  }
                >
                  Last update
                  <img
                    alt="upDown"
                    src="Assets/icon_double_arrow.png"
                  />
                </div>
              </th>
              <th>
                <div
                  style={
                    Object {
                      "color": "#181048",
                      "fontFamily": "DepotNew",
                      "fontSize": "14px",
                      "fontStretch": "normal",
                      "fontStyle": "normal",
                      "fontWeight": "normal",
                      "height": "10%",
                      "letterSpacing": "normal",
                      "lineHeight": "normal",
                      "textAlign": "left",
                      "width": "60%",
                    }
                  }
                >
                  Users
                  <img
                    alt="down"
                    src="Assets/icon_arrow_down.png"
                  />
                </div>
              </th>
              <th />
            </tr>
          </thead>
          <tbody />
        </table>
      </div>
    </div>
  </div>
</div>
`;
